// 同步 ID: f4587a95 @ Wed Jul 15 08:04:37 UTC 2026
// 同步 ID: 62af51db @ Fri Jul 17 07:17:14 UTC 2026
// 重构日志: 63e2b293
// 同步 ID: 3507b376 @ Sat Jul 18 10:50:49 UTC 2026
// 重构日志: 5de4b38e
// 重构日志: 8462597d
// 同步 ID: c94ae98a @ Tue Jul 21 08:15:02 UTC 2026
// 重构日志: c2005e1b
// 同步 ID: c184317b @ Wed Jul 22 08:17:02 UTC 2026
// 同步 ID: 19aed0aa @ Thu Jul 23 09:43:38 UTC 2026
// 同步 ID: 3b42f300 @ Fri Jul 24 23:27:04 UTC 2026
// 重构日志: d5299490
// 重构日志: 82dfb171
// 同步 ID: 42183868 @ Tue Jul 28 08:24:09 UTC 2026
// 同步 ID: 01741ab9 @ Tue Jul 28 17:02:31 UTC 2026
// 同步 ID: a8c7f4d1 @ Thu Jul 30 10:11:43 UTC 2026
// 重构日志: 67d474eb
// 重构日志: d7bd5ae1
// 重构日志: 9c775c64
// 重构日志: 3f2d848f
// 重构日志: 65c5423d
